cargo :    Compiling enum-as-inner 
v0.6.1
At line:1 char:1
+ cargo check > errors.txt 2>&1 ; type 
errors.txt
+ ~~~~~~~~~~~~~~~~~~~~~~~~~~~~~
    + CategoryInfo          : 
NotSpecifi    ed: (   Compiling 
enum-as-inner v0.6    .1:String) [], 
RemoteException
    + FullyQualifiedErrorId : 
NativeComm    andError
 
   Compiling serde_derive v1.0.228
   Compiling thiserror-impl v1.0.69
    Checking rand v0.9.2
   Compiling derive_more v0.99.20
   Compiling blake3 v1.8.4
   Compiling zmij v1.0.21
    Checking log v0.4.29
   Compiling serde_json v1.0.149
warning: blake3@1.8.4: The C compiler 
"gcc.exe" does not support -mavx512f 
and -mavx512vl.
warning: blake3@1.8.4: c/blake3_sse2_x8
6-64_windows_gnu.S:1:0: sorry, 
unimplemented: 64-bit mode not 
compiled in
warning: blake3@1.8.4:  .intel_syntax 
noprefix
warning: blake3@1.8.4:  
error: failed to run custom build 
command for `blake3 v1.8.4`

Caused by:
  process didn't exit successfully: 
`E:\hackByte IITDM jbp\Traderoom.ai\Tra
deRoom.ai\backend\target\debug\build\bl
ake3-0d8856b0d5107fee\build-script-buil
d` (exit code: 1)
  --- stdout
  cargo:rustc-check-cfg=cfg(blake3_sse2
_ffi, values(none()))
  cargo:rustc-check-cfg=cfg(blake3_sse2
_rust, values(none()))
  cargo:rustc-check-cfg=cfg(blake3_sse4
1_ffi, values(none()))
  cargo:rustc-check-cfg=cfg(blake3_sse4
1_rust, values(none()))
  cargo:rustc-check-cfg=cfg(blake3_avx2
_ffi, values(none()))
  cargo:rustc-check-cfg=cfg(blake3_avx2
_rust, values(none()))
  cargo:rustc-check-cfg=cfg(blake3_avx5
12_ffi, values(none()))
  
cargo:rustc-check-cfg=cfg(blake3_neon, 
values(none()))
  cargo:rustc-check-cfg=cfg(blake3_wasm
32_simd, values(none()))
  cargo:rerun-if-env-changed=CARGO_FEAT
URE_PURE
  cargo:rerun-if-env-changed=CARGO_FEAT
URE_NO_NEON
  CC_x86_64-pc-windows-gnu = None
  CC_x86_64_pc_windows_gnu = None
  HOST_CC = None
  CC = None
  cargo:rerun-if-env-changed=CC_ENABLE_
DEBUG_OUTPUT
  cargo:rerun-if-env-changed=CC_ENABLE_
DEBUG_OUTPUT
  CRATE_CC_NO_DEFAULTS = None
  CFLAGS = None
  HOST_CFLAGS = None
  CFLAGS_x86_64_pc_windows_gnu = None
  CFLAGS_x86_64-pc-windows-gnu = None
  CC_x86_64-pc-windows-gnu = None
  CC_x86_64_pc_windows_gnu = None
  HOST_CC = None
  CC = None
  CRATE_CC_NO_DEFAULTS = None
  CFLAGS = None
  HOST_CFLAGS = None
  CFLAGS_x86_64_pc_windows_gnu = None
  CFLAGS_x86_64-pc-windows-gnu = None
  cargo:warning=The C compiler 
"gcc.exe" does not support -mavx512f 
and -mavx512vl.
  cargo:rerun-if-env-changed=BLAKE3_CI
  cargo:rerun-if-env-changed=CARGO_FEAT
URE_PREFER_INTRINSICS
  cargo:rerun-if-env-changed=CARGO_FEAT
URE_PURE
  cargo:rustc-cfg=blake3_sse2_ffi
  cargo:rustc-cfg=blake3_sse41_ffi
  cargo:rustc-cfg=blake3_avx2_ffi
  CC_FORCE_DISABLE = None
  CC_x86_64-pc-windows-gnu = None
  CC_x86_64_pc_windows_gnu = None
  HOST_CC = None
  CC = None
  cargo:rerun-if-env-changed=CC_ENABLE_
DEBUG_OUTPUT
  CRATE_CC_NO_DEFAULTS = None
  CFLAGS = None
  HOST_CFLAGS = None
  CFLAGS_x86_64_pc_windows_gnu = None
  CFLAGS_x86_64-pc-windows-gnu = None
  cargo:warning=c/blake3_sse2_x86-64_wi
ndows_gnu.S:1:0: sorry, unimplemented: 
64-bit mode not compiled in
  cargo:warning= .intel_syntax noprefix
  cargo:warning= 

  --- stderr


  error occurred in cc-rs: command did 
not execute successfully (status code 
exit code: 1): "gcc.exe" "-O0" 
"-ffunction-sections" 
"-fdata-sections" "-g" "-gdwarf-2" 
"-fno-omit-frame-pointer" "-m64" 
"-Wall" "-Wextra" "-std=c11" "-o" 
"E:\\hackByte IITDM jbp\\Traderoom.ai\\
TradeRoom.ai\\backend\\target\\debug\\b
uild\\blake3-9b766b2522448499\\out\\b84
23798394d5395-blake3_sse2_x86-64_window
s_gnu.o" "-c" 
"c/blake3_sse2_x86-64_windows_gnu.S"


warning: build failed, waiting for 
other jobs to finish...
